<html>
<head>
</head>
<body>
    <table border="0" cellpadding="0" cellspacing="0">
        <tr>
            <td>
                <table border="0" cellpadding="0" cellspacing="0">
                    <tr>
                        <td>
                            empty
                        </td>
                    </tr>
                </table>
            </td>
        </tr>
    </table>
    <table border="1" cellpadding="2" cellspacing="3">
        <tr>
            <td>
                empty
            </td>
        </tr>
    </table>
</body>
</html>
